#! /usr/bin/vvp
:ivl_version "11.0 (stable)";
:ivl_delay_selection "TYPICAL";
:vpi_time_precision + 0;
:vpi_module "/usr/lib64/ivl/system.vpi";
:vpi_module "/usr/lib64/ivl/vhdl_sys.vpi";
:vpi_module "/usr/lib64/ivl/vhdl_textio.vpi";
:vpi_module "/usr/lib64/ivl/v2005_math.vpi";
:vpi_module "/usr/lib64/ivl/va_math.vpi";
S_0x5612aff82d90 .scope module, "tb_binary_to_bcd" "tb_binary_to_bcd" 2 1;
 .timescale 0 0;
v0x5612affced90_0 .var "bin", 7 0;
v0x5612affcee70_0 .net "huns", 3 0, v0x5612aff84ae0_0;  1 drivers
v0x5612affcef40_0 .net "ones", 3 0, v0x5612affcea10_0;  1 drivers
v0x5612affcf040_0 .net "tens", 3 0, v0x5612affceb00_0;  1 drivers
S_0x5612aff82f20 .scope module, "uut" "binary_to_bcd" 2 5, 3 1 0, S_0x5612aff82d90;
 .timescale 0 0;
    .port_info 0 /INPUT 8 "bin";
    .port_info 1 /OUTPUT 4 "huns";
    .port_info 2 /OUTPUT 4 "tens";
    .port_info 3 /OUTPUT 4 "ones";
v0x5612aff84720_0 .net "bin", 7 0, v0x5612affced90_0;  1 drivers
v0x5612aff84ae0_0 .var "huns", 3 0;
v0x5612affcea10_0 .var "ones", 3 0;
v0x5612affceb00_0 .var "tens", 3 0;
v0x5612affcebe0_0 .var/i "value", 31 0;
E_0x5612affbde30 .event edge, v0x5612aff84720_0, v0x5612affcebe0_0;
    .scope S_0x5612aff82f20;
T_0 ;
    %wait E_0x5612affbde30;
    %load/vec4 v0x5612aff84720_0;
    %pad/u 32;
    %store/vec4 v0x5612affcebe0_0, 0, 32;
    %load/vec4 v0x5612affcebe0_0;
    %pushi/vec4 10, 0, 32;
    %mod/s;
    %pad/s 4;
    %store/vec4 v0x5612affcea10_0, 0, 4;
    %load/vec4 v0x5612affcebe0_0;
    %pushi/vec4 100, 0, 32;
    %mod/s;
    %pushi/vec4 10, 0, 32;
    %div/s;
    %pad/s 4;
    %store/vec4 v0x5612affceb00_0, 0, 4;
    %load/vec4 v0x5612affcebe0_0;
    %pushi/vec4 100, 0, 32;
    %div/s;
    %pad/s 4;
    %store/vec4 v0x5612aff84ae0_0, 0, 4;
    %jmp T_0;
    .thread T_0, $push;
    .scope S_0x5612aff82d90;
T_1 ;
    %vpi_call 2 8 "$dumpfile", "BinaryToBCD.vcd" {0 0 0};
    %vpi_call 2 9 "$dumpvars" {0 0 0};
    %pushi/vec4 42, 0, 8;
    %store/vec4 v0x5612affced90_0, 0, 8;
    %delay 10, 0;
    %pushi/vec4 105, 0, 8;
    %store/vec4 v0x5612affced90_0, 0, 8;
    %delay 10, 0;
    %pushi/vec4 43, 0, 8;
    %store/vec4 v0x5612affced90_0, 0, 8;
    %delay 10, 0;
    %pushi/vec4 42, 0, 8;
    %store/vec4 v0x5612affced90_0, 0, 8;
    %delay 10, 0;
    %pushi/vec4 2, 0, 8;
    %store/vec4 v0x5612affced90_0, 0, 8;
    %delay 10, 0;
    %pushi/vec4 24, 0, 8;
    %store/vec4 v0x5612affced90_0, 0, 8;
    %delay 10, 0;
    %pushi/vec4 84, 0, 8;
    %store/vec4 v0x5612affced90_0, 0, 8;
    %delay 10, 0;
    %vpi_call 2 19 "$finish" {0 0 0};
    %end;
    .thread T_1;
# The file index is used to find the file name in the following table.
:file_names 4;
    "N/A";
    "<interactive>";
    "binToBCDTest.v";
    "binToBCD.v";
