#! /usr/bin/vvp
:ivl_version "11.0 (stable)";
:ivl_delay_selection "TYPICAL";
:vpi_time_precision + 0;
:vpi_module "/usr/lib64/ivl/system.vpi";
:vpi_module "/usr/lib64/ivl/vhdl_sys.vpi";
:vpi_module "/usr/lib64/ivl/vhdl_textio.vpi";
:vpi_module "/usr/lib64/ivl/v2005_math.vpi";
:vpi_module "/usr/lib64/ivl/va_math.vpi";
S_0x55b15c69ad90 .scope module, "inCTest" "inCTest" 2 1;
 .timescale 0 0;
v0x55b15c6e63c0_0 .var "a", 3 0;
v0x55b15c6e6480_0 .net "y", 3 0, L_0x55b15c6f6b30;  1 drivers
S_0x55b15c69af20 .scope module, "uut" "inC" 2 4, 3 1 0, S_0x55b15c69ad90;
 .timescale 0 0;
    .port_info 0 /INPUT 4 "a";
    .port_info 1 /OUTPUT 4 "y";
v0x55b15c69b100_0 .net *"_ivl_0", 31 0, L_0x55b15c6e6550;  1 drivers
L_0x7faf91eb80a8 .functor BUFT 1, C4<0001>, C4<0>, C4<0>, C4<0>;
v0x55b15c6e5a90_0 .net/2u *"_ivl_10", 3 0, L_0x7faf91eb80a8;  1 drivers
v0x55b15c6e5b70_0 .net *"_ivl_12", 3 0, L_0x55b15c6f6910;  1 drivers
L_0x7faf91eb80f0 .functor BUFT 1, C4<0001>, C4<0>, C4<0>, C4<0>;
v0x55b15c6e5c30_0 .net/2u *"_ivl_14", 3 0, L_0x7faf91eb80f0;  1 drivers
v0x55b15c6e5d10_0 .net *"_ivl_16", 3 0, L_0x55b15c6f6a60;  1 drivers
L_0x7faf91eb8018 .functor BUFT 1, C4<0000000000000000000000000000>, C4<0>, C4<0>, C4<0>;
v0x55b15c6e5e40_0 .net *"_ivl_3", 27 0, L_0x7faf91eb8018;  1 drivers
L_0x7faf91eb8060 .functor BUFT 1, C4<00000000000000000000000000000100>, C4<0>, C4<0>, C4<0>;
v0x55b15c6e5f20_0 .net/2u *"_ivl_4", 31 0, L_0x7faf91eb8060;  1 drivers
v0x55b15c6e6000_0 .net *"_ivl_6", 0 0, L_0x55b15c6f66b0;  1 drivers
v0x55b15c6e60c0_0 .net *"_ivl_8", 0 0, L_0x55b15c6f6820;  1 drivers
v0x55b15c6e61a0_0 .net "a", 3 0, v0x55b15c6e63c0_0;  1 drivers
v0x55b15c6e6280_0 .net "y", 3 0, L_0x55b15c6f6b30;  alias, 1 drivers
L_0x55b15c6e6550 .concat [ 4 28 0 0], v0x55b15c6e63c0_0, L_0x7faf91eb8018;
L_0x55b15c6f66b0 .cmp/gt 32, L_0x7faf91eb8060, L_0x55b15c6e6550;
L_0x55b15c6f6820 .concat [ 1 0 0 0], L_0x55b15c6f66b0;
L_0x55b15c6f6910 .arith/sum 4, v0x55b15c6e63c0_0, L_0x7faf91eb80a8;
L_0x55b15c6f6a60 .arith/sub 4, v0x55b15c6e63c0_0, L_0x7faf91eb80f0;
L_0x55b15c6f6b30 .functor MUXZ 4, L_0x55b15c6f6a60, L_0x55b15c6f6910, L_0x55b15c6f6820, C4<>;
    .scope S_0x55b15c69ad90;
T_0 ;
    %vpi_call 2 7 "$dumpfile", "test.vcd" {0 0 0};
    %vpi_call 2 8 "$dumpvars" {0 0 0};
    %pushi/vec4 1, 0, 4;
    %store/vec4 v0x55b15c6e63c0_0, 0, 4;
    %delay 10, 0;
    %pushi/vec4 2, 0, 4;
    %store/vec4 v0x55b15c6e63c0_0, 0, 4;
    %delay 10, 0;
    %pushi/vec4 4, 0, 4;
    %store/vec4 v0x55b15c6e63c0_0, 0, 4;
    %delay 10, 0;
    %pushi/vec4 8, 0, 4;
    %store/vec4 v0x55b15c6e63c0_0, 0, 4;
    %delay 10, 0;
    %pushi/vec4 15, 0, 4;
    %store/vec4 v0x55b15c6e63c0_0, 0, 4;
    %delay 10, 0;
    %end;
    .thread T_0;
# The file index is used to find the file name in the following table.
:file_names 4;
    "N/A";
    "<interactive>";
    "testbench.v";
    "test.v";
