#! /usr/bin/vvp
:ivl_version "11.0 (stable)";
:ivl_delay_selection "TYPICAL";
:vpi_time_precision + 0;
:vpi_module "/usr/lib64/ivl/system.vpi";
:vpi_module "/usr/lib64/ivl/vhdl_sys.vpi";
:vpi_module "/usr/lib64/ivl/vhdl_textio.vpi";
:vpi_module "/usr/lib64/ivl/v2005_math.vpi";
:vpi_module "/usr/lib64/ivl/va_math.vpi";
S_0x5603da519150 .scope module, "magnitude_tb" "magnitude_tb" 2 1;
 .timescale 0 0;
v0x5603da52cb30_0 .var "a", 3 0;
v0x5603da52cc10_0 .var "b", 3 0;
v0x5603da52cce0_0 .net "et", 0 0, v0x5603da52c7f0_0;  1 drivers
v0x5603da52cde0_0 .net "gt", 0 0, v0x5603da52c8c0_0;  1 drivers
v0x5603da52ceb0_0 .net "lt", 0 0, v0x5603da52c980_0;  1 drivers
S_0x5603da5192e0 .scope module, "uut" "magnitude" 2 4, 3 1 0, S_0x5603da519150;
 .timescale 0 0;
    .port_info 0 /INPUT 4 "a";
    .port_info 1 /INPUT 4 "b";
    .port_info 2 /OUTPUT 1 "gt";
    .port_info 3 /OUTPUT 1 "et";
    .port_info 4 /OUTPUT 1 "lt";
v0x5603da4decf0_0 .net "a", 3 0, v0x5603da52cb30_0;  1 drivers
v0x5603da52c710_0 .net "b", 3 0, v0x5603da52cc10_0;  1 drivers
v0x5603da52c7f0_0 .var "et", 0 0;
v0x5603da52c8c0_0 .var "gt", 0 0;
v0x5603da52c980_0 .var "lt", 0 0;
E_0x5603da516b60 .event edge, v0x5603da52c710_0, v0x5603da4decf0_0;
    .scope S_0x5603da5192e0;
T_0 ;
    %wait E_0x5603da516b60;
    %load/vec4 v0x5603da52c710_0;
    %load/vec4 v0x5603da4decf0_0;
    %cmp/u;
    %jmp/0xz  T_0.0, 5;
    %pushi/vec4 1, 0, 1;
    %store/vec4 v0x5603da52c8c0_0, 0, 1;
    %pushi/vec4 0, 0, 1;
    %store/vec4 v0x5603da52c7f0_0, 0, 1;
    %pushi/vec4 0, 0, 1;
    %store/vec4 v0x5603da52c980_0, 0, 1;
    %jmp T_0.1;
T_0.0 ;
    %load/vec4 v0x5603da4decf0_0;
    %load/vec4 v0x5603da52c710_0;
    %cmp/u;
    %jmp/0xz  T_0.2, 5;
    %pushi/vec4 1, 0, 1;
    %store/vec4 v0x5603da52c980_0, 0, 1;
    %pushi/vec4 0, 0, 1;
    %store/vec4 v0x5603da52c7f0_0, 0, 1;
    %pushi/vec4 0, 0, 1;
    %store/vec4 v0x5603da52c8c0_0, 0, 1;
    %jmp T_0.3;
T_0.2 ;
    %pushi/vec4 1, 0, 1;
    %store/vec4 v0x5603da52c7f0_0, 0, 1;
    %pushi/vec4 0, 0, 1;
    %store/vec4 v0x5603da52c980_0, 0, 1;
    %pushi/vec4 0, 0, 1;
    %store/vec4 v0x5603da52c8c0_0, 0, 1;
T_0.3 ;
T_0.1 ;
    %jmp T_0;
    .thread T_0, $push;
    .scope S_0x5603da519150;
T_1 ;
    %vpi_call 2 6 "$dumpfile", "magnitude.vcd" {0 0 0};
    %vpi_call 2 7 "$dumpvars", 32'sb00000000000000000000000000000000, S_0x5603da519150 {0 0 0};
    %pushi/vec4 10, 0, 4;
    %store/vec4 v0x5603da52cb30_0, 0, 4;
    %pushi/vec4 6, 0, 4;
    %store/vec4 v0x5603da52cc10_0, 0, 4;
    %delay 10, 0;
    %pushi/vec4 3, 0, 4;
    %store/vec4 v0x5603da52cb30_0, 0, 4;
    %pushi/vec4 15, 0, 4;
    %store/vec4 v0x5603da52cc10_0, 0, 4;
    %delay 10, 0;
    %pushi/vec4 9, 0, 4;
    %store/vec4 v0x5603da52cb30_0, 0, 4;
    %pushi/vec4 9, 0, 4;
    %store/vec4 v0x5603da52cc10_0, 0, 4;
    %delay 10, 0;
    %pushi/vec4 0, 0, 4;
    %store/vec4 v0x5603da52cb30_0, 0, 4;
    %pushi/vec4 1, 0, 4;
    %store/vec4 v0x5603da52cc10_0, 0, 4;
    %delay 10, 0;
    %pushi/vec4 15, 0, 4;
    %store/vec4 v0x5603da52cb30_0, 0, 4;
    %pushi/vec4 0, 0, 4;
    %store/vec4 v0x5603da52cc10_0, 0, 4;
    %delay 10, 0;
    %vpi_call 2 14 "$finish" {0 0 0};
    %end;
    .thread T_1;
# The file index is used to find the file name in the following table.
:file_names 4;
    "N/A";
    "<interactive>";
    "magnitudeTest.v";
    "magnitudeComprator.v";
