#! /usr/bin/vvp
:ivl_version "11.0 (stable)";
:ivl_delay_selection "TYPICAL";
:vpi_time_precision + 0;
:vpi_module "/usr/lib64/ivl/system.vpi";
:vpi_module "/usr/lib64/ivl/vhdl_sys.vpi";
:vpi_module "/usr/lib64/ivl/vhdl_textio.vpi";
:vpi_module "/usr/lib64/ivl/v2005_math.vpi";
:vpi_module "/usr/lib64/ivl/va_math.vpi";
S_0x55c6435ed920 .scope module, "threeEtoEightDTest" "threeEtoEightDTest" 2 1;
 .timescale 0 0;
v0x55c643606d80_0 .var "a", 2 0;
v0x55c643606e40_0 .net "y", 7 0, L_0x55c643608290;  1 drivers
S_0x55c6435edab0 .scope module, "uut" "decoder3to8" 2 4, 3 1 0, S_0x55c6435ed920;
 .timescale 0 0;
    .port_info 0 /INPUT 3 "a";
    .port_info 1 /OUTPUT 8 "y";
L_0x7f02ffed0018 .functor BUFT 1, C4<000>, C4<0>, C4<0>, C4<0>;
v0x55c6435edc90_0 .net/2u *"_ivl_0", 2 0, L_0x7f02ffed0018;  1 drivers
L_0x7f02ffed00f0 .functor BUFT 1, C4<00000010>, C4<0>, C4<0>, C4<0>;
v0x55c643605470_0 .net/2u *"_ivl_10", 7 0, L_0x7f02ffed00f0;  1 drivers
L_0x7f02ffed0138 .functor BUFT 1, C4<010>, C4<0>, C4<0>, C4<0>;
v0x55c643605550_0 .net/2u *"_ivl_12", 2 0, L_0x7f02ffed0138;  1 drivers
v0x55c643605610_0 .net *"_ivl_14", 0 0, L_0x55c643607230;  1 drivers
L_0x7f02ffed0180 .functor BUFT 1, C4<00000100>, C4<0>, C4<0>, C4<0>;
v0x55c6436056d0_0 .net/2u *"_ivl_16", 7 0, L_0x7f02ffed0180;  1 drivers
L_0x7f02ffed01c8 .functor BUFT 1, C4<011>, C4<0>, C4<0>, C4<0>;
v0x55c643605800_0 .net/2u *"_ivl_18", 2 0, L_0x7f02ffed01c8;  1 drivers
v0x55c6436058e0_0 .net *"_ivl_2", 0 0, L_0x55c643606f40;  1 drivers
v0x55c6436059a0_0 .net *"_ivl_20", 0 0, L_0x55c643607300;  1 drivers
L_0x7f02ffed0210 .functor BUFT 1, C4<00001000>, C4<0>, C4<0>, C4<0>;
v0x55c643605a60_0 .net/2u *"_ivl_22", 7 0, L_0x7f02ffed0210;  1 drivers
L_0x7f02ffed0258 .functor BUFT 1, C4<100>, C4<0>, C4<0>, C4<0>;
v0x55c643605b40_0 .net/2u *"_ivl_24", 2 0, L_0x7f02ffed0258;  1 drivers
v0x55c643605c20_0 .net *"_ivl_26", 0 0, L_0x55c643607480;  1 drivers
L_0x7f02ffed02a0 .functor BUFT 1, C4<00010000>, C4<0>, C4<0>, C4<0>;
v0x55c643605ce0_0 .net/2u *"_ivl_28", 7 0, L_0x7f02ffed02a0;  1 drivers
L_0x7f02ffed02e8 .functor BUFT 1, C4<101>, C4<0>, C4<0>, C4<0>;
v0x55c643605dc0_0 .net/2u *"_ivl_30", 2 0, L_0x7f02ffed02e8;  1 drivers
v0x55c643605ea0_0 .net *"_ivl_32", 0 0, L_0x55c643607580;  1 drivers
L_0x7f02ffed0330 .functor BUFT 1, C4<00100000>, C4<0>, C4<0>, C4<0>;
v0x55c643605f60_0 .net/2u *"_ivl_34", 7 0, L_0x7f02ffed0330;  1 drivers
L_0x7f02ffed0378 .functor BUFT 1, C4<110>, C4<0>, C4<0>, C4<0>;
v0x55c643606040_0 .net/2u *"_ivl_36", 2 0, L_0x7f02ffed0378;  1 drivers
v0x55c643606120_0 .net *"_ivl_38", 0 0, L_0x55c6436076e0;  1 drivers
L_0x7f02ffed0060 .functor BUFT 1, C4<00000001>, C4<0>, C4<0>, C4<0>;
v0x55c6436061e0_0 .net/2u *"_ivl_4", 7 0, L_0x7f02ffed0060;  1 drivers
L_0x7f02ffed03c0 .functor BUFT 1, C4<01000000>, C4<0>, C4<0>, C4<0>;
v0x55c6436062c0_0 .net/2u *"_ivl_40", 7 0, L_0x7f02ffed03c0;  1 drivers
L_0x7f02ffed0408 .functor BUFT 1, C4<10000000>, C4<0>, C4<0>, C4<0>;
v0x55c6436063a0_0 .net/2u *"_ivl_42", 7 0, L_0x7f02ffed0408;  1 drivers
v0x55c643606480_0 .net *"_ivl_44", 7 0, L_0x55c643607830;  1 drivers
v0x55c643606560_0 .net *"_ivl_46", 7 0, L_0x55c643607a40;  1 drivers
v0x55c643606640_0 .net *"_ivl_48", 7 0, L_0x55c643607bd0;  1 drivers
v0x55c643606720_0 .net *"_ivl_50", 7 0, L_0x55c643607d70;  1 drivers
v0x55c643606800_0 .net *"_ivl_52", 7 0, L_0x55c643607f00;  1 drivers
v0x55c6436068e0_0 .net *"_ivl_54", 7 0, L_0x55c643608100;  1 drivers
L_0x7f02ffed00a8 .functor BUFT 1, C4<001>, C4<0>, C4<0>, C4<0>;
v0x55c6436069c0_0 .net/2u *"_ivl_6", 2 0, L_0x7f02ffed00a8;  1 drivers
v0x55c643606aa0_0 .net *"_ivl_8", 0 0, L_0x55c643607090;  1 drivers
v0x55c643606b60_0 .net "a", 2 0, v0x55c643606d80_0;  1 drivers
v0x55c643606c40_0 .net "y", 7 0, L_0x55c643608290;  alias, 1 drivers
L_0x55c643606f40 .cmp/eq 3, v0x55c643606d80_0, L_0x7f02ffed0018;
L_0x55c643607090 .cmp/eq 3, v0x55c643606d80_0, L_0x7f02ffed00a8;
L_0x55c643607230 .cmp/eq 3, v0x55c643606d80_0, L_0x7f02ffed0138;
L_0x55c643607300 .cmp/eq 3, v0x55c643606d80_0, L_0x7f02ffed01c8;
L_0x55c643607480 .cmp/eq 3, v0x55c643606d80_0, L_0x7f02ffed0258;
L_0x55c643607580 .cmp/eq 3, v0x55c643606d80_0, L_0x7f02ffed02e8;
L_0x55c6436076e0 .cmp/eq 3, v0x55c643606d80_0, L_0x7f02ffed0378;
L_0x55c643607830 .functor MUXZ 8, L_0x7f02ffed0408, L_0x7f02ffed03c0, L_0x55c6436076e0, C4<>;
L_0x55c643607a40 .functor MUXZ 8, L_0x55c643607830, L_0x7f02ffed0330, L_0x55c643607580, C4<>;
L_0x55c643607bd0 .functor MUXZ 8, L_0x55c643607a40, L_0x7f02ffed02a0, L_0x55c643607480, C4<>;
L_0x55c643607d70 .functor MUXZ 8, L_0x55c643607bd0, L_0x7f02ffed0210, L_0x55c643607300, C4<>;
L_0x55c643607f00 .functor MUXZ 8, L_0x55c643607d70, L_0x7f02ffed0180, L_0x55c643607230, C4<>;
L_0x55c643608100 .functor MUXZ 8, L_0x55c643607f00, L_0x7f02ffed00f0, L_0x55c643607090, C4<>;
L_0x55c643608290 .functor MUXZ 8, L_0x55c643608100, L_0x7f02ffed0060, L_0x55c643606f40, C4<>;
    .scope S_0x55c6435ed920;
T_0 ;
    %vpi_call 2 7 "$dumpfile", "dump.vcd" {0 0 0};
    %vpi_call 2 8 "$dumpvars" {0 0 0};
    %pushi/vec4 0, 0, 3;
    %store/vec4 v0x55c643606d80_0, 0, 3;
    %delay 10, 0;
    %pushi/vec4 1, 0, 3;
    %store/vec4 v0x55c643606d80_0, 0, 3;
    %delay 10, 0;
    %pushi/vec4 2, 0, 3;
    %store/vec4 v0x55c643606d80_0, 0, 3;
    %delay 10, 0;
    %pushi/vec4 3, 0, 3;
    %store/vec4 v0x55c643606d80_0, 0, 3;
    %delay 10, 0;
    %pushi/vec4 4, 0, 3;
    %store/vec4 v0x55c643606d80_0, 0, 3;
    %delay 10, 0;
    %pushi/vec4 5, 0, 3;
    %store/vec4 v0x55c643606d80_0, 0, 3;
    %delay 10, 0;
    %pushi/vec4 6, 0, 3;
    %store/vec4 v0x55c643606d80_0, 0, 3;
    %delay 10, 0;
    %pushi/vec4 7, 0, 3;
    %store/vec4 v0x55c643606d80_0, 0, 3;
    %delay 10, 0;
    %end;
    .thread T_0;
# The file index is used to find the file name in the following table.
:file_names 4;
    "N/A";
    "<interactive>";
    "testDecoderThreeToeight.v";
    "decoderThreeTEight.v";
